# ğŸ“ 37 Set Comprehesions(Set í‘œí˜„ì‹)
## 1. Generatorë€?
### 1-1 Iterable
* generator : iteratorë¥¼ ìƒì„±í•´ì£¼ëŠ” í•¨ìˆ˜, í•¨ìˆ˜ì•ˆì— yield í‚¤ì›Œë“œë¥¼ ì‚¬ìš©í•¨
* genrator íŠ¹ì§•
    * iterableí•œ ìˆœì„œê°€ ì§€ì •ë¨(ëª¨ë“  generatorëŠ” iterator)
    * ëŠìŠ¨í•˜ê²Œ í‰ê°€ëœë‹¤.(ìˆœì„œì˜ ë‹¤ìŒ ê°’ì€ í•„ìš”ì— ë”°ë¼ ê³„ì‚°ë¨)
    * í•¨ìˆ˜ì˜ ë‚´ë¶€ ë¡œì»¬ ë³€ìˆ˜ë¥¼ í†µí•´ ë‚´ë¶€ìƒíƒœê°€ ìœ ì§€ëœë‹¤.
    * ë¬´í•œí•œ ìˆœì„œê°€ ìˆëŠ” ê°ì²´ë¥¼ ëª¨ë¸ë§í•  ìˆ˜ ìˆë‹¤.(ëª…í™•í•œ ëì´ ì—†ëŠ” ë°ì´í„° ìŠ¤íŠ¸ë¦¼)
    * ìì—°ìŠ¤ëŸ¬ìš´ ìŠ¤íŠ¸ë¦¼ ì²˜ë¦¬ë¥¼ ìœ„ íŒŒì´í”„ë¼ì¸ìœ¼ë¡œ êµ¬ì„±í• ìˆ˜ ìˆë‹¤.(Javaì—ì„œ íŒŒì¼ìŠ¤íŠ¸ë¦¼ ì²˜ë¦¬ì‹œì— íŠ¹ì • ë°”ì´íŠ¸ë‹¨ìœ„ë¡œ ë°˜ë³µí•˜ëŠ” ê²ƒì„ ë§í•˜ëŠ”ë“¯..)
```python
>>> words = "ë‚˜ëŠ” íŒŒì´ì¬ì„ ê³µë¶€í•˜ê³  ìˆìŠµë‹ˆë‹¤. íŒŒì´ì¬ì€ ë¬´ì²™ ì‹¬í”Œí•˜ê³  ëª…ë£Œí•©ë‹ˆë‹¤.".split()
>>> {len(word) for word in words}
{2, 4, 5, 6}
```

<br/><br/>
## 2. Generator ê°„ë‹¨í•˜ê²Œ ì‚¬ìš©í•´ë³´ê¸°
* REPLì„ ì‹¤í–‰í•©ë‹ˆë‹¤.
* `yield` í‚¤ì›Œë“œë¥¼ ì‚¬ìš©í•´ generatorë¥¼ ë§Œë“¤ì–´ ë´…ë‹ˆë‹¤.
* `yield` ê°€ í˜¸ì¶œë˜ë©´ ì•”ì‹œì ìœ¼ë¡œ returnì´ í˜¸ì¶œë˜ë©°, í•œë²ˆ ë” ì‹¤í–‰ë˜ë©´ ì‹¤í–‰ë˜ì—ˆë˜ `yield' ë‹¤ìŒ ì½”ë“œê°€ ì‹¤í–‰ë©ë‹ˆë‹¤.
```python
>>> def test_generator():
...     yield 1
...     yield 2
...     yield 3
... 
>>> gen = test_generator()
>>> type(gen)
<class 'generator'>
>>> next(gen)
1
>>> next(gen)
2
>>> next(gen)
3
>>> next(gen)
Traceback (most recent call last):
  File "<stdin>", line 1, in <module>
StopIteration
```
<br/>

* ì´ë ‡ê²Œ ìƒì„±í•œ genertaorëŠ” iterableí•œ ê°ì²´ê°€ ë˜ë©° forë¬¸ì—ì„œ ì‚¬ìš©í•  ìˆ˜ ìˆìŠµë‹ˆë‹¤.
```python
>>> import collections
>>> isinstance(gen, collections.Iterable)
True
>>> for i in test_generator():
...     print(i)
... 
1
2
3
```
<br/>

* generatorë¥¼ ë™ì‹œì— ë‘ê°œ ìƒì„±í•˜ë©´, ì„œë¡œê°€ ë‹¤ë¥¸ ê°ì²´ì´ë©°, ê°ê¸° ë”°ë¡œ ë™ì‘í•©ë‹ˆë‹¤.
```python
>>> h = test_generator()
>>> i = test_generator()
>>> h == i
False
>>> h is i
False
>>> next(h)
1
>>> next(i)
1
>>> next(h)
2
>>> next(i)
2
>>> next(i)
3
>>> next(h)
3
```
<br/>

* yield ì‚¬ì´ì— ì¶”ê°€ë¡œ ì½”ë“œë¥¼ ì…ë ¥í•´ ë™ì‘ì„ í™•ì¸í•´ë³´ê² ìŠµë‹ˆë‹¤.
* yield ë¡œ ë°˜í™˜í•˜ëŠ” ì‚¬ì´ì‚¬ì´ì˜ ì½”ë“œë“¤ì´ ì‹¤í–‰ë˜ì—ˆìŠµë‹ˆë‹¤.
```python
>>> def test_generator():
...     print('yield 1 ì „')
...     yield 1
...     print('yield 1ê³¼ 2ì‚¬ì´')
...     yield 2
...     print('yield 2ì™€ 3ì‚¬ì´')
...     yield 3
...     print('yield 3 í›„')
... 
>>> g = test_generator()
>>> next(g)
yield 1 ì „
1
>>> next(g)
yield 1ê³¼ 2ì‚¬ì´
2
>>> next(g)
yield 2ì™€ 3ì‚¬ì´
3
>>> next(g)
yield 3 í›„
Traceback (most recent call last):
  File "<stdin>", line 1, in <module>
StopIteration
```
<br/>

* ê·¸ ë•Œ ê·¸ ë•Œ ìƒì„±ë˜ëŠ” ë¬´í•œí•œ ìˆœì„œìˆëŠ” ê°ì²´ë¥¼ ëª¨ë¸ë§í•  ìˆ˜ ìˆìŠµë‹ˆë‹¤.
* ê·¸ë¦¬ê³  ì´ë ‡ê²Œ ë¬´í•œí•˜ê²Œ ìˆ«ìë¥¼ ë¦¬í„´í•  ìˆ˜ìˆëŠ” ì´ìœ ëŠ” generatorë¥¼ ì‹¤í–‰í• ë•Œë§ˆë‹¤ ëŠìŠ¨í•˜ê²Œ í‰ê°€ë˜ë©° ë‚´ë¶€ì˜ ë³€ìˆ˜ê°€ ìœ ì§€ë˜ê³  ìˆê¸° ë•Œë¬¸ì…ë‹ˆë‹¤.
```python
>>> def infinite_generator():
...     count = 0
...     while True:
...             count+=1
...             yield count
... 
>>> gen = infinite_generator()
>>> next(gen)
1
>>> next(gen)
2
>>> next(gen)
3
>>> next(gen)
4
>>> next(gen)
5
>>> next(gen)
6
>>> next(gen)
7
>>> next(gen)
8
>>> next(gen)
9
>>> next(gen)
10
>>> next(gen)
11
>>> next(gen)
12
... ê³„ì†
```
<br/>

* ìš°ë¦¬ê°€ ì•Œê³  ìˆëŠ” ë¦¬ìŠ¤íŠ¸, Set, Dictionaryì˜ í‘œí˜„ì‹ì˜ ë‚´ë¶€ë„ ì‚¬ì‹¤ generatorì…ë‹ˆë‹¤.
```python
>>> type(x*x for x in [2, 4, 6])
<class 'generator'>
```


<br/><br/>
## 3. yield from
* íŒŒì´ì¬ 3.3 ì´ìƒ ë¶€í„° ì‚¬ìš©ê°€ëŠ¥
* yieldë¬¸ì€ í•œë²ˆì”© ê°’ì„ ë°”ê¹¥ìœ¼ë¡œ ì „ë‹¬í–ˆìŠµë‹ˆë‹¤. ì—¬ëŸ¬ë²ˆ ë°”ê¹¥ìœ¼ë¡œ ì „ë‹¬í• ë ¤ë©´ forë¬¸ì„ ì•„ë˜ì™€ ê°™ì´ ì‚¬ìš©í•´ì•¼í•©ë‹ˆë‹¤.
```python
>>> def three_generator():
...     a = [1, 2, 3]
...     for i in a:
...             yield i
... 
>>> gen = three_generator()
>>> list(gen)
[1, 2, 3]
```
<br/>

* ì´ëŸ¬í•œ ìƒí™©ì—ì„œ forë¬¸ ëŒ€ì‹ ì— iterableí•œê°ì²´ë¥¼ yieldí•  ë•ŒëŠ” `yield from iterable` ë¡œ ê°’ì„ ì „ë‹¬í•  ìˆ˜ ìˆìŠµë‹ˆë‹¤.
* ìœ„ì˜ ì½”ë“œë¥¼ ë³€ê²½í•´ë³´ê² ìŠµë‹ˆë‹¤.
```python
>>> def three_generator():
...     a = [1, 2, 3]
...     yield from a
... 
>>> gen = three_generator()
>>> list(gen)
[1, 2, 3]
```

<br/><br/><br/>
> ì°¸ê³  : [wikidocs(íŒŒì´ì¬ - ê¸°ë³¸ì„ ê°ˆê³  ë‹¦ì!)](https://wikidocs.net/16069)
